   1               		.file	"led.c"
   2               	__SP_H__ = 0x3e
   3               	__SP_L__ = 0x3d
   4               	__SREG__ = 0x3f
   5               	__tmp_reg__ = 0
   6               	__zero_reg__ = 1
   7               		.text
   8               		.section	.text.startup,"ax",@progbits
   9               	.global	main
  11               	main:
  12               	/* prologue: function */
  13               	/* frame size = 0 */
  14               	/* stack size = 0 */
  15               	.L__stack_usage = 0
  16 0000 8FE0      		ldi r24,lo8(15)
  17 0002 84B9      		out 0x4,r24
  18 0004 80E0      		ldi r24,0
  19               	.L3:
  20 0006 33B1      		in r19,0x3
  21 0008 932F      		mov r25,r19
  22 000a 9074      		andi r25,lo8(64)
  23 000c 36FF      		sbrs r19,6
  24 000e 00C0      		rjmp .L2
  25 0010 2111      		cpse r18,__zero_reg__
  26 0012 00C0      		rjmp .L4
  27 0014 8F5F      		subi r24,lo8(-(1))
  28 0016 8430      		cpi r24,lo8(4)
  29 0018 01F4      		brne .L5
  30 001a 80E0      		ldi r24,0
  31               	.L5:
  32 001c 91E0      		ldi r25,lo8(1)
  33 001e 00C0      		rjmp .L2
  34               	.L4:
  35 0020 922F      		mov r25,r18
  36               	.L2:
  37 0022 E82F      		mov r30,r24
  38 0024 F0E0      		ldi r31,0
  39 0026 E050      		subi r30,lo8(-(steps))
  40 0028 F040      		sbci r31,hi8(-(steps))
  41 002a 2081      		ld r18,Z
  42 002c 25B9      		out 0x5,r18
  43 002e 292F      		mov r18,r25
  44 0030 00C0      		rjmp .L3
  46               	.global	steps
  47               		.data
  50               	steps:
  51 0000 01        		.byte	1
  52 0001 02        		.byte	2
  53 0002 04        		.byte	4
  54 0003 08        		.byte	8
  55               		.ident	"GCC: (GNU) 8.1.0"
  56               	.global __do_copy_data
DEFINED SYMBOLS
                            *ABS*:0000000000000000 led.c
/var/folders/rf/q546ss3962b24ll99thqcpxh0000gn/T//ccmyYIJ2.s:2      *ABS*:000000000000003e __SP_H__
/var/folders/rf/q546ss3962b24ll99thqcpxh0000gn/T//ccmyYIJ2.s:3      *ABS*:000000000000003d __SP_L__
/var/folders/rf/q546ss3962b24ll99thqcpxh0000gn/T//ccmyYIJ2.s:4      *ABS*:000000000000003f __SREG__
/var/folders/rf/q546ss3962b24ll99thqcpxh0000gn/T//ccmyYIJ2.s:5      *ABS*:0000000000000000 __tmp_reg__
/var/folders/rf/q546ss3962b24ll99thqcpxh0000gn/T//ccmyYIJ2.s:6      *ABS*:0000000000000001 __zero_reg__
/var/folders/rf/q546ss3962b24ll99thqcpxh0000gn/T//ccmyYIJ2.s:11     .text.startup:0000000000000000 main
/var/folders/rf/q546ss3962b24ll99thqcpxh0000gn/T//ccmyYIJ2.s:50     .data:0000000000000000 steps

UNDEFINED SYMBOLS
__do_copy_data
